Utah APRS-IS Scraper run log  |  started 2026-04-08 22:57:22 UTC
=================================================================

=================================================================
  Utah APRS-IS Scraper  --  24-hour listener  (v4.2)
=================================================================
  Filter  : a/42.5/-114.55/36.5/-108.55
  Output  : C:\Users\hamme\Desktop\APRS MAP TOOLS\Viewshed\utah_stations_scraped.json
  CSV File: C:\Users\hamme\Desktop\APRS MAP TOOLS\Viewshed\utah_seed_stations.csv
  Started : 2026-04-08 22:57:22 UTC
  Ends at : 2026-04-09 22:57:22 UTC
  Ctrl+C to stop early and save partial results.
=================================================================

  [SEED] Loaded 27 stations from CSV (0 manually locked)
  Connecting to APRS-IS...
  Connected.  Listening...

  [NEW  IGATE] K2RKT-10      (no position yet)
  [NEW  DIGI ] MALAD         lat=42.1837 lon=-112.4523  (conf=4)
  [NEW  DIGI ] SHEPRD        (no position yet)
  [NEW  IGATE] KB7STN-3      (no position yet)
  [NEW  IGATE] HORNMT        (no position yet)
  [NEW  IGATE] AL7BX-3       (no position yet)
  [NEW  DIGI ] FRISCO        lat=38.5203 lon=-113.2872  (conf=4)
  [NEW  IGATE] KI7DAN-10     (no position yet)
  [NEW  IGATE] WA7FFM-13     (no position yet)
  [NEW  DIGI ] HOLDEN        lat=39.0303 lon=-112.1518  (conf=4)
  [NEW  IGATE] WEBB          (no position yet)
  [NEW  IGATE] KI5FUN-3      (no position yet)
  [NEW  IGATE] UBUTTE        lat=38.5763 lon=-108.6470  (conf=4)
  [NEW  IGATE] KI7JUA-B      lat=36.9878 lon=-112.9848  (conf=4)
  [NEW  IGATE] AD6TG-2       (no position yet)
  [NEW  IGATE] KJ6EYY-10     (no position yet)
  [NEW  DIGI ] KF6RAL-1      lat=40.2760 lon=-111.9353  (conf=4)
  [NEW  IGATE] KD7BKO-10     (no position yet)
  [POS  IGATE] KD7BKO-10     lat=40.3695 lon=-111.7558  (conf=4)
  [NEW  IGATE] N7RDS-2       (no position yet)
  [NEW  DIGI ] KF7VJO-3      lat=41.8970 lon=-111.9617  (conf=4)
  [NEW  IGATE] KK7VJM-10     (no position yet)
  [TYPE ] KK7VJM-10     igate -> digi  (symbol beacon)
  [POS  DIGI ] KK7VJM-10     lat=41.5828 lon=-109.2677  (conf=4)
  [TYPE ] WA7FFM-13     igate -> digi  (symbol beacon)
  [POS  DIGI ] WA7FFM-13     lat=40.3500 lon=-111.7100  (conf=4)
  [NEW  DIGI ] CEDRMT        lat=39.1715 lon=-110.6098  (conf=4)
  [NEW  IGATE] KK7NWN-1      (no position yet)
  [NEW  DIGI ] ELLEN         lat=38.0725 lon=-110.7948  (conf=4)
  [NEW  IGATE] GOODMN        lat=37.3792 lon=-108.7707  (conf=4)
  [NEW  DIGI ] KF6RAL-10     lat=41.7133 lon=-111.7177  (conf=4)
  [TYPE ] HORNMT        igate -> digi  (symbol beacon)
  [POS  DIGI ] HORNMT        lat=39.2175 lon=-111.1743  (conf=4)
  [NEW  IGATE] LGU           (no position yet)
  [NEW  DIGI ] REDSPR        lat=41.6317 lon=-111.4112  (conf=4)
  [POS  IGATE] N7RDS-2       lat=41.7182 lon=-111.8203  (conf=3)
  [NEW  IGATE] KU5R-6        (no position yet)
  [TYPE ] N7RDS-2       igate -> digi  (symbol beacon)
  [UPDT DIGI ] N7RDS-2       lat=41.7182 lon=-111.8203  (conf 3->4)
  [NEW  IGATE] N2KNK-8       (no position yet)
  [NEW  IGATE] N7RIX-10      (no position yet)
  [NEW  DIGI ] N7BYU-1       (no position yet)
  [NEW  IGATE] AK7AN-10      (no position yet)
  [NEW  IGATE] K7DLD-2       (no position yet)
  [NEW  IGATE] KB7COX-10     (no position yet)
  [UPDT DIGI ] BLOW          lat=37.5918 lon=-112.8660  (conf 1->4)
  [NEW  IGATE] W1UTE-10      (no position yet)
  [NEW  IGATE] KA7HOS-10     (no position yet)
  [POS  DIGI ] SHEPRD        lat=41.0253 lon=-111.8377  (conf=4)
  [POS  IGATE] KB7STN-3      lat=40.5172 lon=-112.0138  (conf=3)
  [TYPE ] BALD          digi -> igate  (symbol beacon)
  [UPDT IGATE] BALD          lat=38.5287 lon=-109.3247  (conf 1->4)
  [PHG  ] BALD          power=16W  height=2560ft  gain=3dBd  dir=omni
  [NEW  DIGI ] KK7AMA-10     lat=41.3232 lon=-110.2857  (conf=4)
  [UPDT IGATE] KB7STN-3      lat=40.4910 lon=-112.0272  (conf 3->4)
  [NEW  DIGI ] BLUEMT        (no position yet)
  [NEW  IGATE] MAGMTN        (no position yet)
  [NEW  IGATE] W7RGA-B       lat=40.8730 lon=-111.9320  (conf=4)
  [NEW  DIGI ] db0sda        lat=40.4888 lon=-111.9898  (conf=4)
  [NEW  IGATE] TOQUER        lat=37.2893 lon=-113.2767  (conf=4)
  [NEW  DIGI ] PRMPT         lat=41.2573 lon=-112.4405  (conf=4)
  [NEW  IGATE] N7RDS-B       lat=41.7797 lon=-112.1788  (conf=4)
  [NEW  DIGI ] K7AJA-10      lat=41.0057 lon=-111.9307  (conf=4)
  [NEW  IGATE] W5SAT         lat=41.8008 lon=-111.8252  (conf=4)
  [NEW  IGATE] NU7TS-B       lat=41.6115 lon=-111.9513  (conf=4)
  [NEW  IGATE] KA7KDX-2      (no position yet)
  [NEW  DIGI ] SKYLIN        lat=39.3372 lon=-111.4500  (conf=4)
  [NEW  IGATE] AC7O-A        lat=41.8387 lon=-111.8410  (conf=4)
  [NEW  IGATE] AC7O-B        lat=41.8387 lon=-111.8410  (conf=4)
  [NEW  IGATE] AC7O-C        lat=41.8387 lon=-111.8410  (conf=4)
  [NEW  IGATE] KR0OT-B       lat=40.0918 lon=-111.6050  (conf=4)
  [NEW  IGATE] K7BSK-B       lat=39.2017 lon=-111.7283  (conf=4)
  [NEW  IGATE] K7BSK-C       lat=39.2017 lon=-111.7283  (conf=4)
  [TYPE ] LGU           igate -> digi  (symbol beacon)
  [POS  DIGI ] LGU           lat=41.7797 lon=-112.1790  (conf=4)
  [STATUS] elapsed=0:05:00  remaining=23:55:00  pkts=166  err=0  digis=46  igates=37  awaiting_pos=20
  [CNSNS] Promoted 1 station(s) to CONF_CONSENSUS (0 scattered/flagged)
  [APRSFI] Verifying 45 stations via aprs.fi API (seed-only=25, path-heard-no-pos=20)...
  [APRSFI] K2RKT-10     NEW position from aprs.fi (42.1968,-112.2622)
  [APRSFI] AL7BX-3      NEW position from aprs.fi (37.7212,-113.0917)
  [APRSFI] KI7DAN-10    NEW position from aprs.fi (40.6878,-111.8178)
  [APRSFI] WEBB         NEW position from aprs.fi (37.0638,-113.5750)
  [APRSFI] KI5FUN-3     NEW position from aprs.fi (41.7375,-111.8112)
  [APRSFI] AD6TG-2      NEW position from aprs.fi (37.0245,-113.6275)
  [APRSFI] KJ6EYY-10    NEW position from aprs.fi (41.1700,-111.9800)
  [APRSFI] KK7NWN-1     NEW position from aprs.fi (42.3300,-113.6000)
  [APRSFI] KU5R-6       NEW position from aprs.fi (40.6035,-112.4743)
  [APRSFI] N2KNK-8      NEW position from aprs.fi (39.0880,-108.5865)
  [APRSFI] N7RIX-10     NEW position from aprs.fi (40.1717,-111.6267)
  [APRSFI] N7BYU-1      NEW position from aprs.fi (40.2485,-111.6472)
  [APRSFI] AK7AN-10     NEW position from aprs.fi (39.7932,-111.4593)
  [APRSFI] K7DLD-2      NEW position from aprs.fi (37.6860,-113.1258)
  [APRSFI] KB7COX-10    NEW position from aprs.fi (41.0828,-112.0797)
  [APRSFI] W1UTE-10     NEW position from aprs.fi (40.5430,-112.0297)
  [APRSFI] KA7HOS-10    NEW position from aprs.fi (37.1580,-113.3035)
  [APRSFI] BLUEMT       NEW position from aprs.fi (40.3560,-109.1465)
  [APRSFI] KA7KDX-2     NEW position from aprs.fi (40.5889,-112.4625)
  [APRSFI] Verification done: 22 updated/confirmed, 23 failed/skipped

  [checkpoint] 82 positioned stations saved (1 skipped — no position / outside Utah)

  [NEW  DIGI ] KF6RAL-7      lat=40.3530 lon=-110.7930  (conf=4)  PHG=PHG5110 25W 20ft 1dBd
  [NEW  DIGI ] HARIN         lat=42.3267 lon=-113.6547  (conf=4)
  [NEW  IGATE] KG7FDC-1      lat=36.9602 lon=-112.9630  (conf=4)
  [UPDT IGATE] KA7HOS-10     lat=37.1580 lon=-113.3035  (conf 3->4)
  [NEW  DIGI ] RCHFLD        lat=38.5358 lon=-112.0735  (conf=4)
  [NEW  DIGI ] KB7MVT-7      lat=39.7670 lon=-111.5212  (conf=4)
  [NEW  IGATE] WA7MXZ-N      lat=41.7272 lon=-111.8277  (conf=4)
  [UPDT DIGI ] N7BYU-1       lat=40.2485 lon=-111.6472  (conf 3->4)
  [NEW  IGATE] SEGMLR        (no position yet)
  [POS  IGATE] SEGMLR        lat=36.8467 lon=-113.4920  (conf=4)
  [NEW  IGATE] KD6H-N        lat=40.1240 lon=-111.6020  (conf=4)
  [NEW  IGATE] K5AGC-B       lat=41.7515 lon=-111.8427  (conf=4)
  [NEW  DIGI ] BAXTER        (no position yet)
  [NEW  IGATE] WY7EVN-N      lat=41.1713 lon=-110.5725  (conf=4)
  [TYPE ] ABAJO         digi -> igate  (symbol beacon)
  [UPDT IGATE] ABAJO         lat=37.8400 lon=-109.4612  (conf 3->4)
  [TYPE ] AK7AN-10      igate -> digi  (symbol beacon)
  [UPDT DIGI ] AK7AN-10      lat=39.7932 lon=-111.4593  (conf 3->4)
  [NEW  IGATE] WJ0NF-10      lat=38.7010 lon=-108.9458  (conf=4)
  [NEW  DIGI ] GRAND         (no position yet)
  [NEW  IGATE] ANVIL         (no position yet)
  [UPDT DIGI ] SANDFL        lat=38.5703 lon=-109.5280  (conf 3->4)
  [NEW  IGATE] KR0OT-N       lat=40.0918 lon=-111.6050  (conf=4)
  [NEW  IGATE] WA7FFM-14     (no position yet)
  [TYPE ] WA7FFM-14     igate -> digi  (symbol beacon)
  [POS  DIGI ] WA7FFM-14     lat=40.0900 lon=-111.8220  (conf=4)
  [NEW  IGATE] KK7SKY-2      (no position yet)
  [NEW  DIGI ] MHILL         lat=42.3200 lon=-111.2900  (conf=4)
  [UPDT DIGI ] BLUEMT        lat=40.3560 lon=-109.1465  (conf 3->4)
  [UPDT IGATE] KA7KDX-2      lat=40.5889 lon=-112.4625  (conf 3->4)
  [TYPE ] UTAH          digi -> igate  (symbol beacon)
  [UPDT IGATE] UTAH          lat=37.1560 lon=-113.8833  (conf 3->4)
  [NEW  IGATE] HAYDN         (no position yet)
  [POS  DIGI ] BAXTER        lat=39.5883 lon=-108.9497  (conf=4)
  [NEW  DIGI ] WA7FFM-2      lat=40.0900 lon=-111.8220  (conf=4)
  [UPDT IGATE] WEBB          lat=37.0638 lon=-113.5750  (conf 3->4)
  [UPDT IGATE] KU5R-6        lat=40.6035 lon=-112.4743  (conf 3->4)
  [NEW  IGATE] N7UWX-8       (no position yet)
  [POS  IGATE] N7UWX-8       lat=41.7292 lon=-111.7917  (conf=4)
  [TYPE ] KJ6EYY-10     igate -> digi  (symbol beacon)
  [UPDT DIGI ] KJ6EYY-10     lat=41.1700 lon=-111.9800  (conf 3->4)
  [NEW  IGATE] KK7SM-B       lat=40.4930 lon=-111.8610  (conf=4)
  [NEW  IGATE] N7XZ-B        lat=41.6765 lon=-111.8218  (conf=4)
  [NEW  IGATE] K7ZZQ-N       lat=36.8317 lon=-114.1237  (conf=4)
  [STATUS] elapsed=0:10:04  remaining=23:49:56  pkts=311  err=0  digis=55  igates=52  awaiting_pos=5
  [CNSNS] Promoted 5 station(s) to CONF_CONSENSUS (0 scattered/flagged)
  [APRSFI] Verifying 27 stations via aprs.fi API (seed-only=22, path-heard-no-pos=5)...
  [APRSFI] Verification done: 0 updated/confirmed, 27 failed/skipped

  [checkpoint] 102 positioned stations saved (5 skipped — no position / outside Utah)

  [NEW  IGATE] K0DZ          (no position yet)
  [NEW  IGATE] WA7MXZ-B      lat=41.7272 lon=-111.8277  (conf=4)
  [NEW  IGATE] WA7FFM-12     (no position yet)
  [NEW  IGATE] KD7BKO-D      lat=40.3693 lon=-111.7560  (conf=4)
